임베딩 device: cuda
Warning: You are sending unauthenticated requests to the HF Hub. Please set a HF_TOKEN to enable higher rate limits and faster downloads.
Loading weights:   0%|          | 0/391 [00:00<?, ?it/s]Loading weights:   4%|▍         | 16/391 [00:00<00:02, 143.52it/s]Loading weights:   8%|▊         | 31/391 [00:00<00:06, 58.30it/s] Loading weights:  10%|█         | 40/391 [00:00<00:05, 62.01it/s]Loading weights:  14%|█▎        | 53/391 [00:00<00:04, 73.74it/s]Loading weights:  16%|█▋        | 64/391 [00:00<00:04, 80.38it/s]Loading weights:  19%|█▉        | 74/391 [00:00<00:04, 79.04it/s]Loading weights:  21%|██        | 83/391 [00:01<00:04, 69.66it/s]Loading weights:  23%|██▎       | 91/391 [00:01<00:05, 55.09it/s]Loading weights:  81%|████████  | 317/391 [00:01<00:00, 491.60it/s]Loading weights: 100%|██████████| 391/391 [00:01<00:00, 261.82it/s]
AC_FQ16FV6EDN.pdf      청크 131개
AC_FQ17FN5BDN.pdf      청크 142개
AC_FQ18GC1EHN.pdf      청크 106개
AC_FQ18GN7BKN.pdf      청크 141개
AC_FQ18GU1BHN.pdf      청크 116개
AC_FQ25GN9BKN.pdf      청크 141개
AC_SQ06EJ1WAJ.pdf      청크 104개
AC_SQ07GA3WBN.pdf      청크 92개
AC_SQ07GJ1WEN.pdf      청크 92개
AC_SQ09GK1WEN.pdf      청크 94개
RF_B242S32.pdf         청크 73개
RF_CA-H17DC.pdf        청크 40개
RF_GC-B40BSCQ.pdf      청크 123개
RF_GC-B414HG7M.pdf     청크 111개
RF_J825MEE042.pdf      청크 140개
RF_K135LW123.pdf       청크 78개
RF_M402ND.pdf          청크 119개
RF_S825AW35.pdf        [TOC없음-기존재사용] 174개
RF_S835S31.pdf         [TOC없음-기존재사용] 167개
RF_W826AAA492.pdf      청크 157개
DR_RH10VTA.pdf         청크 103개
DR_RH21E5ATKWP.pdf     청크 155개
ST_SC3GBE50.pdf        청크 88개
WM_F21VDSK.pdf         청크 116개
WM_FA25AJPB.pdf        청크 199개
WM_FC2521KX6C.pdf      청크 142개
WM_FC4KC.pdf           청크 101개
WM_FH23KN.pdf          청크 148개
WM_T17J4EFNTX.pdf      청크 112개
WM_TR16MV6.pdf         청크 94개
AC_AF17B6474WSN.pdf    청크 78개
AC_AF17B7538TZN.pdf    청크 80개
AC_AF18RX975CAN.pdf    청크 102개
AC_AF19TX978MZ3N.pdf   청크 191개
AC_AM145JNPDBH1.pdf    청크 38개
AC_AR-EH05.pdf         청크 28개
AC_AR06A9170HNQ.pdf    청크 67개
AC_AR06R1130HZN.pdf    청크 48개
AC_AR09T9170HCN.pdf    청크 72개
AC_AR11B9150HZT.pdf    청크 69개
RF_RF85B90P1AP.pdf     청크 154개
RF_RF85DB90B1AP.pdf    청크 176개
RF_RH82M9152SL.pdf     청크 99개
RF_RP20C3111S9.pdf     [TOC없음-기존재사용] 54개
RF_RQ49C9002S9.pdf     청크 111개
RF_RS63R557EB4.pdf     청크 63개
RF_RS84B5041WW.pdf     청크 94개
RF_RT42CG6024S9.pdf    청크 147개
RF_RT53DG7A1CWW.pdf    청크 152개
RF_SRS705IC.pdf        [TOC없음-기존재사용] 77개
DR_DV17T8520BV.pdf     청크 116개
DR_DV90TA040TE.pdf     청크 124개
ST_DF60R8300WG.pdf     청크 110개
ST_DF90H24R5C.pdf      청크 140개
ST_DJ30T9500FE.pdf     청크 88개
ST_DJ40CB9600NE.pdf    청크 88개
WM_WA19CG6745BV.pdf    청크 95개
WM_WA80F19E8W.pdf      청크 157개
WM_WF17M9100KG.pdf     청크 76개
WM_WF21T6500KW.pdf     [TOC없음-기존재사용] 136개

재청킹: 6021개, 기존재사용(TOC없음): 608개
컬렉션 전체: 6629개, 소요 시간: 219.2초
저장 경로: C:\Users\Admin\Desktop\broogun_rag_experiments\chroma_db_team_v3
