판정 대상: 300개
  20/300 신규 완료 (6초)
  40/300 신규 완료 (12초)
  60/300 신규 완료 (16초)
  80/300 신규 완료 (20초)
  100/300 신규 완료 (25초)
  120/300 신규 완료 (29초)
  140/300 신규 완료 (33초)
  160/300 신규 완료 (37초)
  180/300 신규 완료 (47초)
  200/300 신규 완료 (60초)
  220/300 신규 완료 (74초)
  240/300 신규 완료 (84초)
  260/300 신규 완료 (97초)
  280/300 신규 완료 (108초)
  300/300 신규 완료 (121초)

완료: 121초
  SUCCESS: 216 (72.0%)
  GENUINE_NO_ANSWER: 74 (24.7%)
  FALSE_DECLINE: 10 (3.3%)
저장: experiments\results\박형건_round2_llm_judged_v2_src20260918.json

=== FALSE_DECLINE 샘플 (최대 10개) ===
- [FQ17FN5BDN] FQ17FN5BDN 에어컨에서 냄새가 나는데 계속 써도 될까 :: 냄새가 나는 경우에 대한 안전 조치를 명확히 언급하고 있으나, 답변은 이를 무시하고 일반적인 조치를 제안하고 있다.
- [FQ18GN7BKN] FQ18GN7BKN 에어컨에서 냄새가 나는데 계속 써도 될까 :: 냄새가 나는 경우에는 즉시 전원을 끄고 서비스 센터에 연락해야 한다는 명확한 지침이 있음에도 불구하고 답변이 이를 반영하지 않고 일반적인 조치를 제안함.
- [SQ07GA3WBN] SQ07GA3WBN 에어컨에서 냄새가 나는데 계속 써도 될까 :: 냄새가 나는 경우 사용을 지속하지 말고 서비스 센터에 연락하라는 명확한 지침이 있음에도 불구하고 답변이 일반적인 조언으로 대체됨.
- [SQ09GK1WEN] SQ09GK1WEN 에어컨에서 냄새가 나는데 계속 써도 될까 :: 냄새가 나는 경우 사용을 계속하지 말고 서비스 센터에 연락하라는 내용이 명시되어 있음에도 불구하고 답변이 이를 반영하지 않음.
- [CA-H17DC] CA-H17DC 냉장고 문이 오래 열려 있으면 알림이 오나 :: 답변에서 경고 알림에 대한 구체적인 언급이 없고, "오랫동안 문을 열어놓지 마세요"라는 문구가 근거후보에 명시되어 있으나 이를 반영하지 않았다.
- [J825MEE042] J825MEE042 냉장고 야채실 사용법 알려줘 :: 답변에서 야채실의 사용법에 대한 구체적인 내용이 없고, 문서에 명백히 적힌 내용을 무시하고 일반적인 상식으로 대체했기 때문입니다.
- [W826AAA492] W826AAA492 냉장고 야채실 사용법 알려줘 :: 답변에서 언급한 내용이 근거후보에 명확히 존재하지만, "문서에 없다"는 식으로 얼버무렸다.
- [FC4KC] FC4KC 세탁기 울 코스는 어떻게 써 :: 답변에서 울 코스 사용 방법에 대한 구체적인 내용이 없고, 일반적인 세탁 방법으로 대체하고 있어 명백한 답변이 있음에도 불구하고 "문서에 없다"라고 하여 FALSE_DECLINE으로 판별함.
- [WA19CG6745BV] WA19CG6745BV 세탁기 에러 코드는 어디서 확인해 :: 답변에서 고객 서비스센터에 문의하라는 내용을 언급했지만, 에러 코드가 표시되는 위치에 대한 구체적인 정보는 제공하지 않았다.
- [WA80F19E8W] WA80F19E8W 세탁기 에러 코드는 어디서 확인해 :: 답변에서 에러 코드 확인 방법에 대한 구체적인 내용을 제공하지 않고 일반적인 조언으로 대체했기 때문에 FALSE_DECLINE으로 판별함.

=== FALSE_CONFIDENCE 샘플 (최대 10개) ===
