판정 대상: 300개
  20/300 신규 완료 (5초)
  40/300 신규 완료 (9초)
  60/300 신규 완료 (13초)
  80/300 신규 완료 (18초)
  100/300 신규 완료 (23초)
  120/300 신규 완료 (32초)
  140/300 신규 완료 (43초)
  160/300 신규 완료 (56초)
  180/300 신규 완료 (68초)
  200/300 신규 완료 (80초)
  220/300 신규 완료 (93초)
  240/300 신규 완료 (105초)
  260/300 신규 완료 (117초)
  280/300 신규 완료 (129초)
  300/300 신규 완료 (139초)

완료: 139초
  SUCCESS: 224 (74.7%)
  GENUINE_NO_ANSWER: 66 (22.0%)
  FALSE_DECLINE: 10 (3.3%)
저장: experiments\results\박형건_round3_llm_judged_v2_src20260918.json

=== FALSE_DECLINE 샘플 (최대 10개) ===
- [FQ17FN5BDN] FQ17FN5BDN 에어컨 전력 소비량이 궁금해 :: 답변에서 전력 소비량을 확인하는 방법을 설명했지만, 실제 전력 소비량에 대한 구체적인 정보는 제공하지 않았다.
- [FQ18GU1BHN] FQ18GU1BHN 에어컨 전력 소비량이 궁금해 :: 전력 소비량에 대한 직접적인 정보가 없고, 대신 전력량 확인 방법을 설명하며 일반적인 상식으로 대체하고 있다.
- [K135LW123] K135LW123 김치냉장고 정기 점검은 얼마나 자주 해야 해 :: 답변에서 정기 점검 주기에 대한 구체적인 언급이 없고, "정기적으로 점검을 받는 것이 안전 사용에 도움이 됩니다."라는 일반적인 조언으로 대체하고 있어 명백한 답변이 누락되었다.
- [AF18RX975CAN] AF18RX975CAN 에어컨 취침 모드 어떻게 설정해 :: 답변에서 취침 모드 설정 방법을 구체적으로 설명하지 않고 일반적인 기능 설명으로 대체했기 때문에 FALSE_DECLINE으로 판별함.
- [AF19TX978MZ3N] AF19TX978MZ3N 에어컨 취침 모드 어떻게 설정해 :: 답변에서 설정 방법을 구체적으로 설명하지 않고 일반적인 기능 설명으로 대체했기 때문에 FALSE_DECLINE으로 판별함.
- [AR09T9170HCN] AR09T9170HCN 에어컨 취침 모드 어떻게 설정해 :: 답변에서 취침 모드 설정 방법을 구체적으로 설명하지 않고 일반적인 조언으로 대체했으나, 근거후보에는 취침 모드와 관련된 내용이 포함되어 있다.
- [RS63R557EB4] RS63R557EB4 냉장고 에너지 소비 효율 등급이 어떻게 돼 :: 답변이 "제공된 문서에서 이 질문과 관련된 내용을 찾지 못했습니다"라고 하였으나, 근거후보에는 "제품 에너지 효율등급 관련"이라는 문구가 있어 에너지 소비 효율 등급에 대한 정보가 포함되어 있음을 알 수 있다.
- [RS84B5041WW] RS84B5041WW 냉장고 에너지 소비 효율 등급이 어떻게 돼 :: 답변이 "문서에 없다"라고 했지만, 근거후보에 "제품 에너지 효율등급 관련"이라는 문구가 있어 에너지 소비 효율 등급에 대한 정보가 포함되어 있음을 알 수 있다.
- [SRS705IC] SRS705IC 냉장고 급속 냉동 기능이 뭐야 :: 답변에서 급속 냉동 기능에 대한 구체적인 설명이 없고, 일반적인 설명으로 대체하고 있다.
- [WA19CG6745BV] WA19CG6745BV 세탁기 물 온도 설정 방법 알려줘 :: 답변에서 물 온도 설정 방법에 대한 구체적인 내용이 없고, "문서에 없다"는 식으로 얼버무리며 일반 상식으로 대체했기 때문에 FALSE_DECLINE으로 판별함.

=== FALSE_CONFIDENCE 샘플 (최대 10개) ===
