round3 질문 수: 300
[박형건_exp02] 임베딩 device: cuda
Warning: You are sending unauthenticated requests to the HF Hub. Please set a HF_TOKEN to enable higher rate limits and faster downloads.
Loading weights:   0%|          | 0/391 [00:00<?, ?it/s]Loading weights:   3%|▎         | 10/391 [00:00<00:03, 99.02it/s]Loading weights:   7%|▋         | 28/391 [00:00<00:02, 144.65it/s]Loading weights:  11%|█         | 43/391 [00:00<00:03, 94.94it/s] Loading weights:  14%|█▍        | 54/391 [00:00<00:03, 96.97it/s]Loading weights:  17%|█▋        | 65/391 [00:00<00:03, 84.09it/s]Loading weights:  19%|█▉        | 75/391 [00:00<00:04, 78.69it/s]Loading weights:  22%|██▏       | 87/391 [00:00<00:03, 87.54it/s]Loading weights: 100%|██████████| 391/391 [00:01<00:00, 390.82it/s]
  20/300 완료 (51초)
  40/300 완료 (155초)
  60/300 완료 (258초)
  80/300 완료 (343초)
  100/300 완료 (411초)
  120/300 완료 (514초)
  140/300 완료 (617초)
  160/300 완료 (706초)
  180/300 완료 (794초)
  200/300 완료 (889초)
  220/300 완료 (979초)
  240/300 완료 (1072초)
  260/300 완료 (1181초)
  280/300 완료 (1269초)
  300/300 완료 (1369초)

에러 4건 순차 재시도 중...
  재시도: J825MEE042 냉장고 설치할 때 주의사항 알려줘 -> 성공
  재시도: FH23KN 세탁건조기 물 온도 설정 방법 알려줘 -> 성공
  재시도: AF18RX975CAN 에어컨 취침 모드 어떻게 설정해 -> 성공
  재시도: DF90H24R5C 스타일러 정기 점검은 얼마나 자주 해야 해 -> 성공

완료: 1395초, 히트율 87.7%, 에러 0건
0히트 모델: 0개 []
저장: experiments\results\박형건_round3_official_20260918.json
